// Jest Snapshot v1, https://goo.gl/fbAQLP

exports[`Should NotFoundPage rendered correctly 1`] = `
Array [
  <h1>
    Page not Found
  </h1>,
  <br />,
  <a
    href="/"
    onClick={[Function]}
  >
    Go to main page
  </a>,
]
`;
