// Jest Snapshot v1, https://goo.gl/fbAQLP

exports[`Should NearPlaces rendered correctly 1`] = `
<div
  className="container"
>
  <section
    className="near-places places"
  >
    <h2
      className="near-places__title"
    >
      Other places in the neighbourhood
    </h2>
    <div
      className="near-places__list places__list"
    >
      <article
        className="near-places__card place-card"
        onMouseOut={[Function]}
        onMouseOver={[Function]}
      >
        <div
          className="near-places__image-wrapper place-card__image-wrapper"
        >
          <a
            href="/offer/73"
            onClick={[Function]}
          >
            <img
              alt="Big company apartment"
              className="place-card__image"
              height={200}
              src="http://picsum.photos/248/152?r=0.16844568825898554"
              width={260}
            />
          </a>
        </div>
        <div
          className="place-card__info"
        >
          <div
            className="place-card__price-wrapper"
          >
            <div
              className="place-card__price"
            >
              <b
                className="place-card__price-value"
              >
                €
                2523
              </b>
              <span
                className="place-card__price-text"
              >
                / night
              </span>
            </div>
            <button
              className="place-card__bookmark-button  button"
              onClick={[Function]}
              type="button"
            >
              <svg
                className="place-card__bookmark-icon"
                height={18}
                width={18}
              >
                <use
                  xlinkHref="#icon-bookmark"
                />
              </svg>
              <span
                className="visually-hidden"
              >
                To
                 bookmarks
              </span>
            </button>
          </div>
          <div
            className="place-card__rating rating"
          >
            <div
              className="place-card__stars rating__stars"
            >
              <span
                style={
                  Object {
                    "width": "20%",
                  }
                }
              />
              <span
                className="visually-hidden"
              >
                Rating
              </span>
            </div>
          </div>
          <h2
            className="place-card__name"
          >
            <a
              href="/offer/73"
              onClick={[Function]}
            >
              Big company apartment
            </a>
          </h2>
          <p
            className="place-card__type"
          >
            apartment
          </p>
        </div>
      </article>
      <article
        className="near-places__card place-card"
        onMouseOut={[Function]}
        onMouseOver={[Function]}
      >
        <div
          className="near-places__image-wrapper place-card__image-wrapper"
        >
          <a
            href="/offer/85"
            onClick={[Function]}
          >
            <img
              alt="Big company apartment"
              className="place-card__image"
              height={200}
              src="http://picsum.photos/248/152?r=0.34977443093807237"
              width={260}
            />
          </a>
        </div>
        <div
          className="place-card__info"
        >
          <div
            className="place-card__price-wrapper"
          >
            <div
              className="place-card__price"
            >
              <b
                className="place-card__price-value"
              >
                €
                3585
              </b>
              <span
                className="place-card__price-text"
              >
                / night
              </span>
            </div>
            <button
              className="place-card__bookmark-button place-card__bookmark-button--active button"
              onClick={[Function]}
              type="button"
            >
              <svg
                className="place-card__bookmark-icon"
                height={18}
                width={18}
              >
                <use
                  xlinkHref="#icon-bookmark"
                />
              </svg>
              <span
                className="visually-hidden"
              >
                In
                 bookmarks
              </span>
            </button>
          </div>
          <div
            className="place-card__rating rating"
          >
            <div
              className="place-card__stars rating__stars"
            >
              <span
                style={
                  Object {
                    "width": "0%",
                  }
                }
              />
              <span
                className="visually-hidden"
              >
                Rating
              </span>
            </div>
          </div>
          <h2
            className="place-card__name"
          >
            <a
              href="/offer/85"
              onClick={[Function]}
            >
              Big company apartment
            </a>
          </h2>
          <p
            className="place-card__type"
          >
            room
          </p>
        </div>
      </article>
    </div>
  </section>
</div>
`;
