// Jest Snapshot v1, https://goo.gl/fbAQLP

exports[`Should PropertyReview render correctly 1`] = `
<li
  className="reviews__item"
>
  <div
    className="reviews__user user"
  >
    <div
      className="reviews__avatar-wrapper user__avatar-wrapper"
    >
      <img
        alt="Samuel Robinson avatar"
        className="reviews__avatar user__avatar"
        height="54"
        src="https://avatars.dicebear.com/api/female/222.svg"
        width="54"
      />
    </div>
    <span
      className="reviews__user-name"
    >
      Samuel Robinson
    </span>
  </div>
  <div
    className="reviews__info"
  >
    <div
      className="reviews__rating rating"
    >
      <div
        className="reviews__stars rating__stars"
      >
        <span
          style={
            Object {
              "width": "80%",
            }
          }
        />
        <span
          className="visually-hidden"
        >
          Rating
        </span>
      </div>
    </div>
    <p
      className="reviews__text"
    >
      Elit ut aliquam purus sit amet luctus venenatis lectus
    </p>
    <time
      className="reviews__time"
      dateTime="2020-10-28"
    >
      October 2020
    </time>
  </div>
</li>
`;
