// Jest Snapshot v1, https://goo.gl/fbAQLP

exports[`Should FavoritesPlaces rendered correctly 1`] = `
<div
  className="favorites__places"
>
  <article
    className="favorites__card place-card"
    onMouseOut={[Function]}
    onMouseOver={[Function]}
  >
    <div
      className="favorites__image-wrapper place-card__image-wrapper"
    >
      <a
        href="/offer/85"
        onClick={[Function]}
      >
        <img
          alt="Big company apartment"
          className="place-card__image"
          height={110}
          src="http://picsum.photos/248/152?r=0.34977443093807237"
          width={150}
        />
      </a>
    </div>
    <div
      className="place-card__info"
    >
      <div
        className="place-card__price-wrapper"
      >
        <div
          className="place-card__price"
        >
          <b
            className="place-card__price-value"
          >
            €
            3585
          </b>
          <span
            className="place-card__price-text"
          >
            / night
          </span>
        </div>
        <button
          className="place-card__bookmark-button place-card__bookmark-button--active button"
          onClick={[Function]}
          type="button"
        >
          <svg
            className="place-card__bookmark-icon"
            height={18}
            width={18}
          >
            <use
              xlinkHref="#icon-bookmark"
            />
          </svg>
          <span
            className="visually-hidden"
          >
            In
             bookmarks
          </span>
        </button>
      </div>
      <div
        className="place-card__rating rating"
      >
        <div
          className="place-card__stars rating__stars"
        >
          <span
            style={
              Object {
                "width": "0%",
              }
            }
          />
          <span
            className="visually-hidden"
          >
            Rating
          </span>
        </div>
      </div>
      <h2
        className="place-card__name"
      >
        <a
          href="/offer/85"
          onClick={[Function]}
        >
          Big company apartment
        </a>
      </h2>
      <p
        className="place-card__type"
      >
        room
      </p>
    </div>
  </article>
</div>
`;
