// Jest Snapshot v1, https://goo.gl/fbAQLP

exports[`Should Property rendered correctly 1`] = `
<div
  className="page"
>
  <header
    className="header"
  >
    <div
      className="container"
    >
      <div
        className="header__wrapper"
      >
        <div
          className="header__left"
        >
          <a
            className="header__logo-link"
            href="/"
            onClick={[Function]}
          >
            <img
              alt="6 cities logo"
              className="header__logo"
              height="41"
              src="/img/logo.svg"
              width="81"
            />
          </a>
        </div>
        <nav
          className="header__nav"
        >
          <ul
            className="header__nav-list"
          >
            <li
              className="header__nav-item user"
            >
              <a
                className="header__nav-link header__nav-link--profile"
                href="/login"
                onClick={[Function]}
              >
                <div
                  className="header__avatar-wrapper user__avatar-wrapper"
                />
                <span
                  className="header__login"
                >
                  Sign in
                </span>
              </a>
            </li>
          </ul>
        </nav>
      </div>
    </div>
  </header>
  <main
    className="page__main page__main--property"
  >
    <section
      className="property"
    >
      <div
        className="property__gallery-container container"
      >
        <div
          className="property__gallery"
        >
          <div
            className="property__image-wrapper"
          >
            <img
              alt="Big company apartment-0"
              className="property__image"
              src="http://picsum.photos/248/152?r=0.0922933754368811"
            />
          </div>
          <div
            className="property__image-wrapper"
          >
            <img
              alt="Big company apartment-1"
              className="property__image"
              src="http://picsum.photos/248/152?r=0.897019347231856"
            />
          </div>
        </div>
      </div>
      <div
        className="property__container container"
      >
        <div
          className="property__wrapper"
        >
          <div
            className="property__name-wrapper"
          >
            <h1
              className="property__name"
            >
              Big company apartment
            </h1>
            <button
              className="property__bookmark-button  button"
              onClick={[Function]}
              type="button"
            >
              <svg
                className="property__bookmark-icon"
                height={31}
                width={31}
              >
                <use
                  xlinkHref="#icon-bookmark"
                />
              </svg>
              <span
                className="visually-hidden"
              >
                To
                 bookmarks
              </span>
            </button>
          </div>
          <div
            className="property__rating rating"
          >
            <div
              className="property__stars rating__stars"
            >
              <span
                style={
                  Object {
                    "width": "20%",
                  }
                }
              />
              <span
                className="visually-hidden"
              >
                Rating
              </span>
            </div>
            <span
              className="property__rating-value rating__value"
            >
              1
            </span>
          </div>
          <ul
            className="property__features"
          >
            <li
              className="property__feature property__feature--entire"
            >
              apartment
            </li>
            <li
              className="property__feature property__feature--bedrooms"
            >
              2
            </li>
            <li
              className="property__feature property__feature--adults"
            >
              9
            </li>
          </ul>
          <div
            className="property__price"
          >
            <b
              className="property__price-value"
            >
              €
              2523
            </b>
            <span
              className="property__price-text"
            >
               night
            </span>
          </div>
          <div
            className="property__inside"
          >
            <h2
              className="property__inside-title"
            >
              What's inside
            </h2>
            <ul
              className="property__inside-list"
            >
              <li
                className="property__inside-item"
              >
                Washer
                Heating
                Gym
              </li>
            </ul>
          </div>
          <div
            className="property__host"
          >
            <h2
              className="property__host-title"
            >
              Meet the host
            </h2>
            <div
              className="property__host-user user"
            >
              <div
                className="property__avatar-wrapper property__avatar-wrapper--pro user__avatar-wrapper"
              >
                <img
                  alt="Christopher Jones avatar"
                  className="property__avatar user__avatar"
                  height="74"
                  src="/public/img/avatar-angelina.jpg"
                  width="74"
                />
              </div>
              <span
                className="property__user-name"
              >
                Christopher Jones
              </span>
            </div>
            <div
              className="property__description"
            >
              <p
                className="property__text"
              >
                Et malesuada fames ac turpis egestas integer eget aliquet nibh
              </p>
            </div>
          </div>
          <section
            className="property__reviews reviews"
          >
            <h2
              className="reviews__title"
            >
              Reviews ·
              <span
                className="reviews__amount"
              >
                2
              </span>
            </h2>
            <ul
              className="reviews__list"
            >
              <li
                className="reviews__item"
              >
                <div
                  className="reviews__user user"
                >
                  <div
                    className="reviews__avatar-wrapper user__avatar-wrapper"
                  >
                    <img
                      alt="Samuel Robinson avatar"
                      className="reviews__avatar user__avatar"
                      height="54"
                      src="https://avatars.dicebear.com/api/female/222.svg"
                      width="54"
                    />
                  </div>
                  <span
                    className="reviews__user-name"
                  >
                    Samuel Robinson
                  </span>
                </div>
                <div
                  className="reviews__info"
                >
                  <div
                    className="reviews__rating rating"
                  >
                    <div
                      className="reviews__stars rating__stars"
                    >
                      <span
                        style={
                          Object {
                            "width": "80%",
                          }
                        }
                      />
                      <span
                        className="visually-hidden"
                      >
                        Rating
                      </span>
                    </div>
                  </div>
                  <p
                    className="reviews__text"
                  >
                    Elit ut aliquam purus sit amet luctus venenatis lectus
                  </p>
                  <time
                    className="reviews__time"
                    dateTime="2020-10-28"
                  >
                    October 2020
                  </time>
                </div>
              </li>
              <li
                className="reviews__item"
              >
                <div
                  className="reviews__user user"
                >
                  <div
                    className="reviews__avatar-wrapper user__avatar-wrapper"
                  >
                    <img
                      alt="Samuel Robinson avatar"
                      className="reviews__avatar user__avatar"
                      height="54"
                      src="https://avatars.dicebear.com/api/female/222.svg"
                      width="54"
                    />
                  </div>
                  <span
                    className="reviews__user-name"
                  >
                    Samuel Robinson
                  </span>
                </div>
                <div
                  className="reviews__info"
                >
                  <div
                    className="reviews__rating rating"
                  >
                    <div
                      className="reviews__stars rating__stars"
                    >
                      <span
                        style={
                          Object {
                            "width": "100%",
                          }
                        }
                      />
                      <span
                        className="visually-hidden"
                      >
                        Rating
                      </span>
                    </div>
                  </div>
                  <p
                    className="reviews__text"
                  >
                    Elit ut aliquam purus sit amet luctus venenatis lectus
                  </p>
                  <time
                    className="reviews__time"
                    dateTime="2020-11-28"
                  >
                    November 2020
                  </time>
                </div>
              </li>
            </ul>
          </section>
        </div>
      </div>
      <section
        className="property__map map"
      >
        <div
          style={
            Object {
              "height": "100%",
            }
          }
        />
      </section>
    </section>
    <div
      className="container"
    >
      <section
        className="near-places places"
      >
        <h2
          className="near-places__title"
        >
          Other places in the neighbourhood
        </h2>
        <div
          className="near-places__list places__list"
        >
          <article
            className="near-places__card place-card"
            onMouseOut={[Function]}
            onMouseOver={[Function]}
          >
            <div
              className="near-places__image-wrapper place-card__image-wrapper"
            >
              <a
                href="/offer/73"
                onClick={[Function]}
              >
                <img
                  alt="Big company apartment"
                  className="place-card__image"
                  height={200}
                  src="http://picsum.photos/248/152?r=0.16844568825898554"
                  width={260}
                />
              </a>
            </div>
            <div
              className="place-card__info"
            >
              <div
                className="place-card__price-wrapper"
              >
                <div
                  className="place-card__price"
                >
                  <b
                    className="place-card__price-value"
                  >
                    €
                    2523
                  </b>
                  <span
                    className="place-card__price-text"
                  >
                    / night
                  </span>
                </div>
                <button
                  className="place-card__bookmark-button  button"
                  onClick={[Function]}
                  type="button"
                >
                  <svg
                    className="place-card__bookmark-icon"
                    height={18}
                    width={18}
                  >
                    <use
                      xlinkHref="#icon-bookmark"
                    />
                  </svg>
                  <span
                    className="visually-hidden"
                  >
                    To
                     bookmarks
                  </span>
                </button>
              </div>
              <div
                className="place-card__rating rating"
              >
                <div
                  className="place-card__stars rating__stars"
                >
                  <span
                    style={
                      Object {
                        "width": "20%",
                      }
                    }
                  />
                  <span
                    className="visually-hidden"
                  >
                    Rating
                  </span>
                </div>
              </div>
              <h2
                className="place-card__name"
              >
                <a
                  href="/offer/73"
                  onClick={[Function]}
                >
                  Big company apartment
                </a>
              </h2>
              <p
                className="place-card__type"
              >
                apartment
              </p>
            </div>
          </article>
          <article
            className="near-places__card place-card"
            onMouseOut={[Function]}
            onMouseOver={[Function]}
          >
            <div
              className="near-places__image-wrapper place-card__image-wrapper"
            >
              <a
                href="/offer/85"
                onClick={[Function]}
              >
                <img
                  alt="Big company apartment"
                  className="place-card__image"
                  height={200}
                  src="http://picsum.photos/248/152?r=0.34977443093807237"
                  width={260}
                />
              </a>
            </div>
            <div
              className="place-card__info"
            >
              <div
                className="place-card__price-wrapper"
              >
                <div
                  className="place-card__price"
                >
                  <b
                    className="place-card__price-value"
                  >
                    €
                    3585
                  </b>
                  <span
                    className="place-card__price-text"
                  >
                    / night
                  </span>
                </div>
                <button
                  className="place-card__bookmark-button place-card__bookmark-button--active button"
                  onClick={[Function]}
                  type="button"
                >
                  <svg
                    className="place-card__bookmark-icon"
                    height={18}
                    width={18}
                  >
                    <use
                      xlinkHref="#icon-bookmark"
                    />
                  </svg>
                  <span
                    className="visually-hidden"
                  >
                    In
                     bookmarks
                  </span>
                </button>
              </div>
              <div
                className="place-card__rating rating"
              >
                <div
                  className="place-card__stars rating__stars"
                >
                  <span
                    style={
                      Object {
                        "width": "0%",
                      }
                    }
                  />
                  <span
                    className="visually-hidden"
                  >
                    Rating
                  </span>
                </div>
              </div>
              <h2
                className="place-card__name"
              >
                <a
                  href="/offer/85"
                  onClick={[Function]}
                >
                  Big company apartment
                </a>
              </h2>
              <p
                className="place-card__type"
              >
                room
              </p>
            </div>
          </article>
        </div>
      </section>
    </div>
  </main>
</div>
`;
